// Jest Snapshot v1, https://goo.gl/fbAQLP

exports[`BoilingData in all North-America and Europe AWS Regions runs query succesfully in other regions too 1`] = `
Array [
  Array [
    Object {
      "birthdate": "3/8/1971",
      "cc": "6759521864920116",
      "comments": "1E+02",
      "country": "Indonesia",
      "email": "ajordan0@com.com",
      "first_name": "Amanda",
      "gender": "Female",
      "id": 1,
      "ip_address": "1.197.201.2",
      "last_name": "Jordan",
      "registration_dttm": "2016-02-03 07:55:29+00",
      "salary": 49756.53,
      "title": "Internal Auditor",
    },
  ],
]
`;

exports[`BoilingData in all North-America and Europe AWS Regions runs query succesfully in other regions too 2`] = `
Array [
  Array [
    Object {
      "birthdate": "3/8/1971",
      "cc": "6759521864920116",
      "comments": "1E+02",
      "country": "Indonesia",
      "email": "ajordan0@com.com",
      "first_name": "Amanda",
      "gender": "Female",
      "id": 1,
      "ip_address": "1.197.201.2",
      "last_name": "Jordan",
      "registration_dttm": "2016-02-03 07:55:29+00",
      "salary": 49756.53,
      "title": "Internal Auditor",
    },
  ],
]
`;

exports[`BoilingData in all North-America and Europe AWS Regions runs query succesfully in other regions too 3`] = `
Array [
  Array [
    Object {
      "birthdate": "3/8/1971",
      "cc": "6759521864920116",
      "comments": "1E+02",
      "country": "Indonesia",
      "email": "ajordan0@com.com",
      "first_name": "Amanda",
      "gender": "Female",
      "id": 1,
      "ip_address": "1.197.201.2",
      "last_name": "Jordan",
      "registration_dttm": "2016-02-03 07:55:29+00",
      "salary": 49756.53,
      "title": "Internal Auditor",
    },
  ],
]
`;

exports[`BoilingData in all North-America and Europe AWS Regions runs query succesfully in other regions too 4`] = `
Array [
  Array [
    Object {
      "birthdate": "3/8/1971",
      "cc": "6759521864920116",
      "comments": "1E+02",
      "country": "Indonesia",
      "email": "ajordan0@com.com",
      "first_name": "Amanda",
      "gender": "Female",
      "id": 1,
      "ip_address": "1.197.201.2",
      "last_name": "Jordan",
      "registration_dttm": "2016-02-03 07:55:29+00",
      "salary": 49756.53,
      "title": "Internal Auditor",
    },
  ],
]
`;
